[INFO] Scanning for projects...
[INFO] ------------------------------------------------------------------------
[INFO] Reactor Build Order:
[INFO] 
[INFO] ems-parent                                                         [pom]
[INFO] ems-frontend                                                       [jar]
[INFO] ems-backend                                                        [war]
[INFO] 
[INFO] ---------------< employee.management.system:ems-parent >----------------
[INFO] Building ems-parent 1.0.0                                          [1/3]
[INFO] --------------------------------[ pom ]---------------------------------
[INFO] 
[INFO] --- maven-clean-plugin:3.0.0:clean (default-clean) @ ems-parent ---
[INFO] 
[INFO] --- maven-install-plugin:2.5.2:install (default-install) @ ems-parent ---
[INFO] Installing d:\myworkspace\employee-management-system\pom.xml to C:\Users\dines.SOHMHOME\.m2\repository\employee\management\system\ems-parent\1.0.0\ems-parent-1.0.0.pom
[INFO] 
[INFO] --------------< employee.management.system:ems-frontend >---------------
[INFO] Building ems-frontend 1.0.0                                        [2/3]
[INFO] --------------------------------[ jar ]---------------------------------
[INFO] 
[INFO] --- maven-clean-plugin:3.0.0:clean (default-clean) @ ems-frontend ---
[INFO] Deleting D:\myworkspace\employee-management-system\frontend\target
[INFO] 
[INFO] --- frontend-maven-plugin:1.3:install-node-and-npm (install node and npm) @ ems-frontend ---
[INFO] Node v10.16.1 is already installed.
[INFO] NPM 6.9.0 is already installed.
[INFO] 
[INFO] --- frontend-maven-plugin:1.3:npm (npm install) @ ems-frontend ---
[INFO] Running 'npm install' in D:\myworkspace\employee-management-system\frontend\src\main\web
[WARNING] npm WARN optional SKIPPING OPTIONAL DEPENDENCY: fsevents@1.2.9 (node_modules\webpack-dev-server\node_modules\fsevents):
[WARNING] npm WARN notsup SKIPPING OPTIONAL DEPENDENCY: Unsupported platform for fsevents@1.2.9: wanted {"os":"darwin","arch":"any"} (current: {"os":"win32","arch":"x64"})
[WARNING] npm WARN optional SKIPPING OPTIONAL DEPENDENCY: fsevents@1.2.9 (node_modules\watchpack\node_modules\fsevents):
[WARNING] npm WARN notsup SKIPPING OPTIONAL DEPENDENCY: Unsupported platform for fsevents@1.2.9: wanted {"os":"darwin","arch":"any"} (current: {"os":"win32","arch":"x64"})
[WARNING] npm WARN optional SKIPPING OPTIONAL DEPENDENCY: fsevents@1.2.9 (node_modules\karma\node_modules\fsevents):
[WARNING] npm WARN notsup SKIPPING OPTIONAL DEPENDENCY: Unsupported platform for fsevents@1.2.9: wanted {"os":"darwin","arch":"any"} (current: {"os":"win32","arch":"x64"})
[WARNING] npm WARN optional SKIPPING OPTIONAL DEPENDENCY: fsevents@1.2.9 (node_modules\@angular\compiler-cli\node_modules\fsevents):
[WARNING] npm WARN notsup SKIPPING OPTIONAL DEPENDENCY: Unsupported platform for fsevents@1.2.9: wanted {"os":"darwin","arch":"any"} (current: {"os":"win32","arch":"x64"})
[WARNING] npm WARN optional SKIPPING OPTIONAL DEPENDENCY: fsevents@2.0.7 (node_modules\fsevents):
[WARNING] npm WARN notsup SKIPPING OPTIONAL DEPENDENCY: Unsupported platform for fsevents@2.0.7: wanted {"os":"darwin","arch":"any"} (current: {"os":"win32","arch":"x64"})
[ERROR] 
[INFO] audited 17095 packages in 14.58s
[INFO] found 0 vulnerabilities
[INFO] 
[INFO] 
[INFO] --- frontend-maven-plugin:1.3:npm (npm run build) @ ems-frontend ---
[INFO] Running 'npm run build' in D:\myworkspace\employee-management-system\frontend\src\main\web
[INFO] 
[INFO] > app@0.0.0 build D:\myworkspace\employee-management-system\frontend\src\main\web
[INFO] > ng build
[INFO] 
[INFO] 
[INFO] chunk {main} main-es2015.js, main-es2015.js.map (main) 10.1 kB [initial] [rendered]
[INFO] chunk {polyfills} polyfills-es2015.js, polyfills-es2015.js.map (polyfills) 251 kB [initial] [rendered]
[INFO] chunk {runtime} runtime-es2015.js, runtime-es2015.js.map (runtime) 6.09 kB [entry] [rendered]
[INFO] chunk {styles} styles-es2015.js, styles-es2015.js.map (styles) 16.3 kB [initial] [rendered]
[INFO] chunk {vendor} vendor-es2015.js, vendor-es2015.js.map (vendor) 3.69 MB [initial] [rendered]
[INFO] Date: 2019-08-04T17:10:46.194Z - Hash: d09194c3af5cdb0a7689 - Time: 8160ms
[INFO] 
[INFO] chunk {main} main-es5.js, main-es5.js.map (main) 10.4 kB [initial] [rendered]
[INFO] chunk {polyfills} polyfills-es5.js, polyfills-es5.js.map (polyfills) 558 kB [initial] [rendered]
[INFO] chunk {runtime} runtime-es5.js, runtime-es5.js.map (runtime) 6.09 kB [entry] [rendered]
[INFO] chunk {styles} styles-es5.js, styles-es5.js.map (styles) 16.3 kB [initial] [rendered]
[INFO] chunk {vendor} vendor-es5.js, vendor-es5.js.map (vendor) 3.77 MB [initial] [rendered]
[INFO] Date: 2019-08-04T17:10:53.623Z - Hash: 0b6b568b16c1e223794d - Time: 7277ms
[INFO] 
[INFO] --- frontend-maven-plugin:1.3:npm (prod) @ ems-frontend ---
[INFO] Running 'npm run-script build' in D:\myworkspace\employee-management-system\frontend\src\main\web
[INFO] 
[INFO] > app@0.0.0 build D:\myworkspace\employee-management-system\frontend\src\main\web
[INFO] > ng build
[INFO] 
[INFO] 
[INFO] chunk {main} main-es2015.js, main-es2015.js.map (main) 10.1 kB [initial] [rendered]
[INFO] chunk {polyfills} polyfills-es2015.js, polyfills-es2015.js.map (polyfills) 251 kB [initial] [rendered]
[INFO] chunk {runtime} runtime-es2015.js, runtime-es2015.js.map (runtime) 6.09 kB [entry] [rendered]
[INFO] chunk {styles} styles-es2015.js, styles-es2015.js.map (styles) 16.3 kB [initial] [rendered]
[INFO] chunk {vendor} vendor-es2015.js, vendor-es2015.js.map (vendor) 3.69 MB [initial] [rendered]
[INFO] Date: 2019-08-04T17:11:11.911Z - Hash: d09194c3af5cdb0a7689 - Time: 12165ms
[INFO] 
[INFO] chunk {main} main-es5.js, main-es5.js.map (main) 10.4 kB [initial] [rendered]
[INFO] chunk {polyfills} polyfills-es5.js, polyfills-es5.js.map (polyfills) 558 kB [initial] [rendered]
[INFO] chunk {runtime} runtime-es5.js, runtime-es5.js.map (runtime) 6.09 kB [entry] [rendered]
[INFO] chunk {styles} styles-es5.js, styles-es5.js.map (styles) 16.3 kB [initial] [rendered]
[INFO] chunk {vendor} vendor-es5.js, vendor-es5.js.map (vendor) 3.77 MB [initial] [rendered]
[INFO] Date: 2019-08-04T17:11:23.238Z - Hash: 0b6b568b16c1e223794d - Time: 10888ms
[INFO] 
[INFO] --- maven-resources-plugin:3.0.2:resources (default-resources) @ ems-frontend ---
[INFO] Using 'UTF-8' encoding to copy filtered resources.
[INFO] Copying 0 resource
[INFO] Copying 0 resource
[INFO] 
[INFO] --- maven-compiler-plugin:3.7.0:compile (default-compile) @ ems-frontend ---
[INFO] Nothing to compile - all classes are up to date
[INFO] 
[INFO] --- maven-resources-plugin:3.0.2:testResources (default-testResources) @ ems-frontend ---
[INFO] Using 'UTF-8' encoding to copy filtered resources.
[INFO] Copying 0 resource
[INFO] 
[INFO] --- maven-compiler-plugin:3.7.0:testCompile (default-testCompile) @ ems-frontend ---
[INFO] Nothing to compile - all classes are up to date
[INFO] 
[INFO] --- maven-surefire-plugin:2.21.0:test (default-test) @ ems-frontend ---
[INFO] 
[INFO] --- maven-jar-plugin:3.0.2:jar (default-jar) @ ems-frontend ---
[INFO] Building jar: D:\myworkspace\employee-management-system\frontend\target\ems-frontend-1.0.0.jar
[INFO] 
[INFO] --- maven-install-plugin:2.5.2:install (default-install) @ ems-frontend ---
[INFO] Installing D:\myworkspace\employee-management-system\frontend\target\ems-frontend-1.0.0.jar to C:\Users\dines.SOHMHOME\.m2\repository\employee\management\system\ems-frontend\1.0.0\ems-frontend-1.0.0.jar
[INFO] Installing D:\myworkspace\employee-management-system\frontend\pom.xml to C:\Users\dines.SOHMHOME\.m2\repository\employee\management\system\ems-frontend\1.0.0\ems-frontend-1.0.0.pom
[INFO] 
[INFO] ---------------< employee.management.system:ems-backend >---------------
[INFO] Building ems-backend 1.0.0                                         [3/3]
[INFO] --------------------------------[ war ]---------------------------------
[INFO] 
[INFO] --- maven-clean-plugin:3.0.0:clean (default-clean) @ ems-backend ---
[INFO] Deleting D:\myworkspace\employee-management-system\backend\target
[INFO] 
[INFO] --- maven-resources-plugin:3.0.2:copy-resources (copy-resources) @ ems-backend ---
[INFO] Using 'UTF-8' encoding to copy filtered resources.
[INFO] skip non existing resourceDirectory d:\myworkspace\employee-management-system\tutorial-web\src\main\web\dist\app
[INFO] 
[INFO] --- maven-resources-plugin:3.0.2:resources (default-resources) @ ems-backend ---
[INFO] Using 'UTF-8' encoding to copy filtered resources.
[INFO] Copying 1 resource
[INFO] Copying 1 resource
[INFO] 
[INFO] --- maven-compiler-plugin:3.7.0:compile (default-compile) @ ems-backend ---
[INFO] Changes detected - recompiling the module!
[INFO] Compiling 7 source files to D:\myworkspace\employee-management-system\backend\target\classes
[INFO] -------------------------------------------------------------
[ERROR] COMPILATION ERROR : 
[INFO] -------------------------------------------------------------
[ERROR] /D:/myworkspace/employee-management-system/backend/src/main/java/com/online/ems/EmployeeRepository.java:[3,47] package org.springframework.data.jpa.repository does not exist
[ERROR] /D:/myworkspace/employee-management-system/backend/src/main/java/com/online/ems/EmployeeRepository.java:[7,45] cannot find symbol
  symbol: class JpaRepository
[ERROR] /D:/myworkspace/employee-management-system/backend/src/main/java/com/online/ems/Employee.java:[3,25] package javax.persistence does not exist
[ERROR] /D:/myworkspace/employee-management-system/backend/src/main/java/com/online/ems/Employee.java:[4,25] package javax.persistence does not exist
[ERROR] /D:/myworkspace/employee-management-system/backend/src/main/java/com/online/ems/Employee.java:[5,25] package javax.persistence does not exist
[ERROR] /D:/myworkspace/employee-management-system/backend/src/main/java/com/online/ems/Employee.java:[6,25] package javax.persistence does not exist
[ERROR] /D:/myworkspace/employee-management-system/backend/src/main/java/com/online/ems/Employee.java:[7,25] package javax.persistence does not exist
[ERROR] /D:/myworkspace/employee-management-system/backend/src/main/java/com/online/ems/Employee.java:[8,25] package javax.persistence does not exist
[ERROR] /D:/myworkspace/employee-management-system/backend/src/main/java/com/online/ems/Employee.java:[10,2] cannot find symbol
  symbol: class Entity
[ERROR] /D:/myworkspace/employee-management-system/backend/src/main/java/com/online/ems/Employee.java:[11,2] cannot find symbol
  symbol: class Table
[ERROR] /D:/myworkspace/employee-management-system/backend/src/main/java/com/online/ems/Employee.java:[29,10] cannot find symbol
  symbol:   class Id
  location: class com.online.ems.Employee
[ERROR] /D:/myworkspace/employee-management-system/backend/src/main/java/com/online/ems/Employee.java:[30,10] cannot find symbol
  symbol:   class GeneratedValue
  location: class com.online.ems.Employee
[ERROR] /D:/myworkspace/employee-management-system/backend/src/main/java/com/online/ems/Employee.java:[39,10] cannot find symbol
  symbol:   class Column
  location: class com.online.ems.Employee
[ERROR] /D:/myworkspace/employee-management-system/backend/src/main/java/com/online/ems/Employee.java:[48,10] cannot find symbol
  symbol:   class Column
  location: class com.online.ems.Employee
[ERROR] /D:/myworkspace/employee-management-system/backend/src/main/java/com/online/ems/Employee.java:[57,10] cannot find symbol
  symbol:   class Column
  location: class com.online.ems.Employee
[ERROR] /D:/myworkspace/employee-management-system/backend/src/main/java/com/online/ems/EmployeeController.java:[30,34] cannot find symbol
  symbol:   method findAll()
  location: variable employeeRepository of type com.online.ems.EmployeeRepository
[ERROR] /D:/myworkspace/employee-management-system/backend/src/main/java/com/online/ems/EmployeeController.java:[36,47] cannot find symbol
  symbol:   method findById(java.lang.Long)
  location: variable employeeRepository of type com.online.ems.EmployeeRepository
[ERROR] /D:/myworkspace/employee-management-system/backend/src/main/java/com/online/ems/EmployeeController.java:[43,34] cannot find symbol
  symbol:   method save(com.online.ems.Employee)
  location: variable employeeRepository of type com.online.ems.EmployeeRepository
[ERROR] /D:/myworkspace/employee-management-system/backend/src/main/java/com/online/ems/EmployeeController.java:[49,47] cannot find symbol
  symbol:   method findById(java.lang.Long)
  location: variable employeeRepository of type com.online.ems.EmployeeRepository
[ERROR] /D:/myworkspace/employee-management-system/backend/src/main/java/com/online/ems/EmployeeController.java:[55,60] cannot find symbol
  symbol:   method save(com.online.ems.Employee)
  location: variable employeeRepository of type com.online.ems.EmployeeRepository
[ERROR] /D:/myworkspace/employee-management-system/backend/src/main/java/com/online/ems/EmployeeController.java:[62,47] cannot find symbol
  symbol:   method findById(java.lang.Long)
  location: variable employeeRepository of type com.online.ems.EmployeeRepository
[ERROR] /D:/myworkspace/employee-management-system/backend/src/main/java/com/online/ems/EmployeeController.java:[65,27] cannot find symbol
  symbol:   method delete(com.online.ems.Employee)
  location: variable employeeRepository of type com.online.ems.EmployeeRepository
[INFO] 22 errors 
[INFO] -------------------------------------------------------------
[INFO] ------------------------------------------------------------------------
[INFO] Reactor Summary for ems-parent 1.0.0:
[INFO] 
[INFO] ems-parent ......................................... SUCCESS [  0.538 s]
[INFO] ems-frontend ....................................... SUCCESS [01:10 min]
[INFO] ems-backend ........................................ FAILURE [  1.934 s]
[INFO] ------------------------------------------------------------------------
[INFO] BUILD FAILURE
[INFO] ------------------------------------------------------------------------
[INFO] Total time:  01:13 min
[INFO] Finished at: 2019-08-04T13:11:27-04:00
[INFO] ------------------------------------------------------------------------
[ERROR] Failed to execute goal org.apache.maven.plugins:maven-compiler-plugin:3.7.0:compile (default-compile) on project ems-backend: Compilation failure: Compilation failure: 
[ERROR] /D:/myworkspace/employee-management-system/backend/src/main/java/com/online/ems/EmployeeRepository.java:[3,47] package org.springframework.data.jpa.repository does not exist
[ERROR] /D:/myworkspace/employee-management-system/backend/src/main/java/com/online/ems/EmployeeRepository.java:[7,45] cannot find symbol
[ERROR]   symbol: class JpaRepository
[ERROR] /D:/myworkspace/employee-management-system/backend/src/main/java/com/online/ems/Employee.java:[3,25] package javax.persistence does not exist
[ERROR] /D:/myworkspace/employee-management-system/backend/src/main/java/com/online/ems/Employee.java:[4,25] package javax.persistence does not exist
[ERROR] /D:/myworkspace/employee-management-system/backend/src/main/java/com/online/ems/Employee.java:[5,25] package javax.persistence does not exist
[ERROR] /D:/myworkspace/employee-management-system/backend/src/main/java/com/online/ems/Employee.java:[6,25] package javax.persistence does not exist
[ERROR] /D:/myworkspace/employee-management-system/backend/src/main/java/com/online/ems/Employee.java:[7,25] package javax.persistence does not exist
[ERROR] /D:/myworkspace/employee-management-system/backend/src/main/java/com/online/ems/Employee.java:[8,25] package javax.persistence does not exist
[ERROR] /D:/myworkspace/employee-management-system/backend/src/main/java/com/online/ems/Employee.java:[10,2] cannot find symbol
[ERROR]   symbol: class Entity
[ERROR] /D:/myworkspace/employee-management-system/backend/src/main/java/com/online/ems/Employee.java:[11,2] cannot find symbol
[ERROR]   symbol: class Table
[ERROR] /D:/myworkspace/employee-management-system/backend/src/main/java/com/online/ems/Employee.java:[29,10] cannot find symbol
[ERROR]   symbol:   class Id
[ERROR]   location: class com.online.ems.Employee
[ERROR] /D:/myworkspace/employee-management-system/backend/src/main/java/com/online/ems/Employee.java:[30,10] cannot find symbol
[ERROR]   symbol:   class GeneratedValue
[ERROR]   location: class com.online.ems.Employee
[ERROR] /D:/myworkspace/employee-management-system/backend/src/main/java/com/online/ems/Employee.java:[39,10] cannot find symbol
[ERROR]   symbol:   class Column
[ERROR]   location: class com.online.ems.Employee
[ERROR] /D:/myworkspace/employee-management-system/backend/src/main/java/com/online/ems/Employee.java:[48,10] cannot find symbol
[ERROR]   symbol:   class Column
[ERROR]   location: class com.online.ems.Employee
[ERROR] /D:/myworkspace/employee-management-system/backend/src/main/java/com/online/ems/Employee.java:[57,10] cannot find symbol
[ERROR]   symbol:   class Column
[ERROR]   location: class com.online.ems.Employee
[ERROR] /D:/myworkspace/employee-management-system/backend/src/main/java/com/online/ems/EmployeeController.java:[30,34] cannot find symbol
[ERROR]   symbol:   method findAll()
[ERROR]   location: variable employeeRepository of type com.online.ems.EmployeeRepository
[ERROR] /D:/myworkspace/employee-management-system/backend/src/main/java/com/online/ems/EmployeeController.java:[36,47] cannot find symbol
[ERROR]   symbol:   method findById(java.lang.Long)
[ERROR]   location: variable employeeRepository of type com.online.ems.EmployeeRepository
[ERROR] /D:/myworkspace/employee-management-system/backend/src/main/java/com/online/ems/EmployeeController.java:[43,34] cannot find symbol
[ERROR]   symbol:   method save(com.online.ems.Employee)
[ERROR]   location: variable employeeRepository of type com.online.ems.EmployeeRepository
[ERROR] /D:/myworkspace/employee-management-system/backend/src/main/java/com/online/ems/EmployeeController.java:[49,47] cannot find symbol
[ERROR]   symbol:   method findById(java.lang.Long)
[ERROR]   location: variable employeeRepository of type com.online.ems.EmployeeRepository
[ERROR] /D:/myworkspace/employee-management-system/backend/src/main/java/com/online/ems/EmployeeController.java:[55,60] cannot find symbol
[ERROR]   symbol:   method save(com.online.ems.Employee)
[ERROR]   location: variable employeeRepository of type com.online.ems.EmployeeRepository
[ERROR] /D:/myworkspace/employee-management-system/backend/src/main/java/com/online/ems/EmployeeController.java:[62,47] cannot find symbol
[ERROR]   symbol:   method findById(java.lang.Long)
[ERROR]   location: variable employeeRepository of type com.online.ems.EmployeeRepository
[ERROR] /D:/myworkspace/employee-management-system/backend/src/main/java/com/online/ems/EmployeeController.java:[65,27] cannot find symbol
[ERROR]   symbol:   method delete(com.online.ems.Employee)
[ERROR]   location: variable employeeRepository of type com.online.ems.EmployeeRepository
[ERROR] -> [Help 1]
[ERROR] 
[ERROR] To see the full stack trace of the errors, re-run Maven with the -e switch.
[ERROR] Re-run Maven using the -X switch to enable full debug logging.
[ERROR] 
[ERROR] For more information about the errors and possible solutions, please read the following articles:
[ERROR] [Help 1] http://cwiki.apache.org/confluence/display/MAVEN/MojoFailureException
[ERROR] 
[ERROR] After correcting the problems, you can resume the build with the command
[ERROR]   mvn <goals> -rf :ems-backend
